24l01.c:9:6:NRF24L01_SPI_Init	8	static
24l01.c:18:6:NRF24L01_2_SPI_Init	8	static
24l01.c:27:6:NRF24L01_Init	40	static
24l01.c:57:6:NRF24L01_2_Init	40	static
24l01.c:83:4:NRF24L01_Check	16	static
24l01.c:94:4:NRF24L01_2_Check	16	static
24l01.c:108:4:NRF24L01_Write_Reg	24	static
24l01.c:117:4:NRF24L01_2_Write_Reg	24	static
24l01.c:128:4:NRF24L01_Read_Reg	24	static
24l01.c:137:4:NRF24L01_2_Read_Reg	24	static
24l01.c:151:4:NRF24L01_Read_Buf	32	static
24l01.c:160:4:NRF24L01_2_Read_Buf	32	static
24l01.c:174:4:NRF24L01_Write_Buf	24	static
24l01.c:183:4:NRF24L01_2_Write_Buf	24	static
24l01.c:195:4:NRF24L01_TxPacket	24	static
24l01.c:216:4:NRF24L01_2_TxPacket	24	static
24l01.c:240:4:NRF24L01_RxPacket	24	static
24l01.c:254:4:NRF24L01_2_RxPacket	24	static
24l01.c:271:6:NRF24L01_RX_Mode	8	static
24l01.c:284:6:NRF24L01_2_RX_Mode	8	static
24l01.c:302:6:NRF24L01_TX_Mode	8	static
24l01.c:316:6:NRF24L01_2_TX_Mode	8	static
