Archive member included to satisfy reference by file (symbol)

d:/program_files/st/stm32cubeide_1.7.0/stm32cubeide/plugins/com.st.stm32cube.ide.mcu.externaltools.gnu-tools-for-stm32.9-2020-q2-update.win32_2.0.0.202105311346/tools/bin/../lib/gcc/arm-none-eabi/9.3.1/../../../../arm-none-eabi/lib/thumb/v7e-m+fp/hard\libc_nano.a(lib_a-errno.o)
                              ./Core/Src/syscalls.o (__errno)
d:/program_files/st/stm32cubeide_1.7.0/stm32cubeide/plugins/com.st.stm32cube.ide.mcu.externaltools.gnu-tools-for-stm32.9-2020-q2-update.win32_2.0.0.202105311346/tools/bin/../lib/gcc/arm-none-eabi/9.3.1/../../../../arm-none-eabi/lib/thumb/v7e-m+fp/hard\libc_nano.a(lib_a-exit.o)
                              d:/program_files/st/stm32cubeide_1.7.0/stm32cubeide/plugins/com.st.stm32cube.ide.mcu.externaltools.gnu-tools-for-stm32.9-2020-q2-update.win32_2.0.0.202105311346/tools/bin/../lib/gcc/arm-none-eabi/9.3.1/../../../../arm-none-eabi/lib/thumb/v7e-m+fp/hard/crt0.o (exit)
d:/program_files/st/stm32cubeide_1.7.0/stm32cubeide/plugins/com.st.stm32cube.ide.mcu.externaltools.gnu-tools-for-stm32.9-2020-q2-update.win32_2.0.0.202105311346/tools/bin/../lib/gcc/arm-none-eabi/9.3.1/../../../../arm-none-eabi/lib/thumb/v7e-m+fp/hard\libc_nano.a(lib_a-impure.o)
                              d:/program_files/st/stm32cubeide_1.7.0/stm32cubeide/plugins/com.st.stm32cube.ide.mcu.externaltools.gnu-tools-for-stm32.9-2020-q2-update.win32_2.0.0.202105311346/tools/bin/../lib/gcc/arm-none-eabi/9.3.1/../../../../arm-none-eabi/lib/thumb/v7e-m+fp/hard\libc_nano.a(lib_a-exit.o) (_global_impure_ptr)
d:/program_files/st/stm32cubeide_1.7.0/stm32cubeide/plugins/com.st.stm32cube.ide.mcu.externaltools.gnu-tools-for-stm32.9-2020-q2-update.win32_2.0.0.202105311346/tools/bin/../lib/gcc/arm-none-eabi/9.3.1/../../../../arm-none-eabi/lib/thumb/v7e-m+fp/hard\libc_nano.a(lib_a-init.o)
                              d:/program_files/st/stm32cubeide_1.7.0/stm32cubeide/plugins/com.st.stm32cube.ide.mcu.externaltools.gnu-tools-for-stm32.9-2020-q2-update.win32_2.0.0.202105311346/tools/bin/../lib/gcc/arm-none-eabi/9.3.1/../../../../arm-none-eabi/lib/thumb/v7e-m+fp/hard/crt0.o (__libc_init_array)
d:/program_files/st/stm32cubeide_1.7.0/stm32cubeide/plugins/com.st.stm32cube.ide.mcu.externaltools.gnu-tools-for-stm32.9-2020-q2-update.win32_2.0.0.202105311346/tools/bin/../lib/gcc/arm-none-eabi/9.3.1/../../../../arm-none-eabi/lib/thumb/v7e-m+fp/hard\libc_nano.a(lib_a-memset.o)
                              d:/program_files/st/stm32cubeide_1.7.0/stm32cubeide/plugins/com.st.stm32cube.ide.mcu.externaltools.gnu-tools-for-stm32.9-2020-q2-update.win32_2.0.0.202105311346/tools/bin/../lib/gcc/arm-none-eabi/9.3.1/../../../../arm-none-eabi/lib/thumb/v7e-m+fp/hard/crt0.o (memset)
d:/program_files/st/stm32cubeide_1.7.0/stm32cubeide/plugins/com.st.stm32cube.ide.mcu.externaltools.gnu-tools-for-stm32.9-2020-q2-update.win32_2.0.0.202105311346/tools/bin/../lib/gcc/arm-none-eabi/9.3.1/thumb/v7e-m+fp/hard\libgcc.a(_aeabi_uldivmod.o)
                              ./Drivers/STM32F4xx_HAL_Driver/Src/stm32f4xx_hal_rcc.o (__aeabi_uldivmod)
d:/program_files/st/stm32cubeide_1.7.0/stm32cubeide/plugins/com.st.stm32cube.ide.mcu.externaltools.gnu-tools-for-stm32.9-2020-q2-update.win32_2.0.0.202105311346/tools/bin/../lib/gcc/arm-none-eabi/9.3.1/thumb/v7e-m+fp/hard\libgcc.a(_udivmoddi4.o)
                              d:/program_files/st/stm32cubeide_1.7.0/stm32cubeide/plugins/com.st.stm32cube.ide.mcu.externaltools.gnu-tools-for-stm32.9-2020-q2-update.win32_2.0.0.202105311346/tools/bin/../lib/gcc/arm-none-eabi/9.3.1/thumb/v7e-m+fp/hard\libgcc.a(_aeabi_uldivmod.o) (__udivmoddi4)
d:/program_files/st/stm32cubeide_1.7.0/stm32cubeide/plugins/com.st.stm32cube.ide.mcu.externaltools.gnu-tools-for-stm32.9-2020-q2-update.win32_2.0.0.202105311346/tools/bin/../lib/gcc/arm-none-eabi/9.3.1/thumb/v7e-m+fp/hard\libgcc.a(_dvmd_tls.o)
                              d:/program_files/st/stm32cubeide_1.7.0/stm32cubeide/plugins/com.st.stm32cube.ide.mcu.externaltools.gnu-tools-for-stm32.9-2020-q2-update.win32_2.0.0.202105311346/tools/bin/../lib/gcc/arm-none-eabi/9.3.1/thumb/v7e-m+fp/hard\libgcc.a(_aeabi_uldivmod.o) (__aeabi_ldiv0)

Allocating common symbols
Common symbol       size              file

hspi2               0x58              ./Core/Src/main.o
CAN2_Handler        0x28              ./HARDWARE/CAN/can.o
Tx2Header           0x18              ./HARDWARE/CAN/can.o
uwTick              0x4               ./Drivers/STM32F4xx_HAL_Driver/Src/stm32f4xx_hal.o
pFlash              0x20              ./Drivers/STM32F4xx_HAL_Driver/Src/stm32f4xx_hal_flash.o
hcan2               0x28              ./Core/Src/main.o
SPI2_Handler        0x58              ./HARDWARE/SPI/spi.o
CAN1_Handler        0x28              ./HARDWARE/CAN/can.o
SPI1_Handler        0x58              ./HARDWARE/SPI/spi.o
Rx2Header           0x1c              ./HARDWARE/CAN/can.o
hspi1               0x58              ./Core/Src/main.o
[...]
Memory Configuration

Name             Origin             Length             Attributes
CCMRAM           0x0000000010000000 0x0000000000010000 xrw
RAM              0x0000000020000000 0x0000000000020000 xrw
FLASH            0x0000000008000000 0x0000000000080000 xr
*default*        0x0000000000000000 0xffffffffffffffff

Linker script and memory map

LOAD d:/program_files/st/stm32cubeide_1.7.0/stm32cubeide/plugins/com.st.stm32cube.ide.mcu.externaltools.gnu-tools-for-stm32.9-2020-q2-update.win32_2.0.0.202105311346/tools/bin/../lib/gcc/arm-none-eabi/9.3.1/thumb/v7e-m+fp/hard/crti.o
LOAD d:/program_files/st/stm32cubeide_1.7.0/stm32cubeide/plugins/com.st.stm32cube.ide.mcu.externaltools.gnu-tools-for-stm32.9-2020-q2-update.win32_2.0.0.202105311346/tools/bin/../lib/gcc/arm-none-eabi/9.3.1/thumb/v7e-m+fp/hard/crtbegin.o
LOAD d:/program_files/st/stm32cubeide_1.7.0/stm32cubeide/plugins/com.st.stm32cube.ide.mcu.externaltools.gnu-tools-for-stm32.9-2020-q2-update.win32_2.0.0.202105311346/tools/bin/../lib/gcc/arm-none-eabi/9.3.1/../../../../arm-none-eabi/lib/thumb/v7e-m+fp/hard/crt0.o
LOAD ./Core/Src/main.o
LOAD ./Core/Src/stm32f4xx_hal_msp.o
LOAD ./Core/Src/stm32f4xx_it.o
LOAD ./Core/Src/syscalls.o
LOAD ./Core/Src/sysmem.o
LOAD ./Core/Src/system_stm32f4xx.o
LOAD ./Core/Startup/startup_stm32f407vetx.o
LOAD ./Drivers/STM32F4xx_HAL_Driver/Src/stm32f4xx_hal.o
LOAD ./Drivers/STM32F4xx_HAL_Driver/Src/stm32f4xx_hal_can.o
LOAD ./Drivers/STM32F4xx_HAL_Driver/Src/stm32f4xx_hal_cortex.o
LOAD ./Drivers/STM32F4xx_HAL_Driver/Src/stm32f4xx_hal_dma.o
LOAD ./Drivers/STM32F4xx_HAL_Driver/Src/stm32f4xx_hal_dma_ex.o
LOAD ./Drivers/STM32F4xx_HAL_Driver/Src/stm32f4xx_hal_exti.o
LOAD ./Drivers/STM32F4xx_HAL_Driver/Src/stm32f4xx_hal_flash.o
LOAD ./Drivers/STM32F4xx_HAL_Driver/Src/stm32f4xx_hal_flash_ex.o
LOAD ./Drivers/STM32F4xx_HAL_Driver/Src/stm32f4xx_hal_flash_ramfunc.o
LOAD ./Drivers/STM32F4xx_HAL_Driver/Src/stm32f4xx_hal_gpio.o
LOAD ./Drivers/STM32F4xx_HAL_Driver/Src/stm32f4xx_hal_pwr.o
LOAD ./Drivers/STM32F4xx_HAL_Driver/Src/stm32f4xx_hal_pwr_ex.o
LOAD ./Drivers/STM32F4xx_HAL_Driver/Src/stm32f4xx_hal_rcc.o
LOAD ./Drivers/STM32F4xx_HAL_Driver/Src/stm32f4xx_hal_rcc_ex.o
LOAD ./Drivers/STM32F4xx_HAL_Driver/Src/stm32f4xx_hal_spi.o
LOAD ./Drivers/STM32F4xx_HAL_Driver/Src/stm32f4xx_hal_tim.o
LOAD ./Drivers/STM32F4xx_HAL_Driver/Src/stm32f4xx_hal_tim_ex.o
LOAD ./HARDWARE/CAN/can.o
LOAD ./HARDWARE/NRF24L01/24l01.o
LOAD ./HARDWARE/SPI/spi.o
START GROUP
LOAD d:/program_files/st/stm32cubeide_1.7.0/stm32cubeide/plugins/com.st.stm32cube.ide.mcu.externaltools.gnu-tools-for-stm32.9-2020-q2-update.win32_2.0.0.202105311346/tools/bin/../lib/gcc/arm-none-eabi/9.3.1/../../../../arm-none-eabi/lib/thumb/v7e-m+fp/hard\libc_nano.a
LOAD d:/program_files/st/stm32cubeide_1.7.0/stm32cubeide/plugins/com.st.stm32cube.ide.mcu.externaltools.gnu-tools-for-stm32.9-2020-q2-update.win32_2.0.0.202105311346/tools/bin/../lib/gcc/arm-none-eabi/9.3.1/../../../../arm-none-eabi/lib/thumb/v7e-m+fp/hard\libm.a
END GROUP
START GROUP
LOAD d:/program_files/st/stm32cubeide_1.7.0/stm32cubeide/plugins/com.st.stm32cube.ide.mcu.externaltools.gnu-tools-for-stm32.9-2020-q2-update.win32_2.0.0.202105311346/tools/bin/../lib/gcc/arm-none-eabi/9.3.1/thumb/v7e-m+fp/hard\libgcc.a
LOAD d:/program_files/st/stm32cubeide_1.7.0/stm32cubeide/plugins/com.st.stm32cube.ide.mcu.externaltools.gnu-tools-for-stm32.9-2020-q2-update.win32_2.0.0.202105311346/tools/bin/../lib/gcc/arm-none-eabi/9.3.1/../../../../arm-none-eabi/lib/thumb/v7e-m+fp/hard\libc_nano.a
END GROUP
START GROUP
LOAD d:/program_files/st/stm32cubeide_1.7.0/stm32cubeide/plugins/com.st.stm32cube.ide.mcu.externaltools.gnu-tools-for-stm32.9-2020-q2-update.win32_2.0.0.202105311346/tools/bin/../lib/gcc/arm-none-eabi/9.3.1/thumb/v7e-m+fp/hard\libgcc.a
LOAD d:/program_files/st/stm32cubeide_1.7.0/stm32cubeide/plugins/com.st.stm32cube.ide.mcu.externaltools.gnu-tools-for-stm32.9-2020-q2-update.win32_2.0.0.202105311346/tools/bin/../lib/gcc/arm-none-eabi/9.3.1/../../../../arm-none-eabi/lib/thumb/v7e-m+fp/hard\libc_nano.a
LOAD d:/program_files/st/stm32cubeide_1.7.0/stm32cubeide/plugins/com.st.stm32cube.ide.mcu.externaltools.gnu-tools-for-stm32.9-2020-q2-update.win32_2.0.0.202105311346/tools/bin/../lib/gcc/arm-none-eabi/9.3.1/../../../../arm-none-eabi/lib/thumb/v7e-m+fp/hard\libnosys.a
END GROUP
START GROUP
LOAD d:/program_files/st/stm32cubeide_1.7.0/stm32cubeide/plugins/com.st.stm32cube.ide.mcu.externaltools.gnu-tools-for-stm32.9-2020-q2-update.win32_2.0.0.202105311346/tools/bin/../lib/gcc/arm-none-eabi/9.3.1/thumb/v7e-m+fp/hard\libgcc.a
LOAD d:/program_files/st/stm32cubeide_1.7.0/stm32cubeide/plugins/com.st.stm32cube.ide.mcu.externaltools.gnu-tools-for-stm32.9-2020-q2-update.win32_2.0.0.202105311346/tools/bin/../lib/gcc/arm-none-eabi/9.3.1/../../../../arm-none-eabi/lib/thumb/v7e-m+fp/hard\libc_nano.a
LOAD d:/program_files/st/stm32cubeide_1.7.0/stm32cubeide/plugins/com.st.stm32cube.ide.mcu.externaltools.gnu-tools-for-stm32.9-2020-q2-update.win32_2.0.0.202105311346/tools/bin/../lib/gcc/arm-none-eabi/9.3.1/../../../../arm-none-eabi/lib/thumb/v7e-m+fp/hard\libnosys.a
END GROUP
LOAD d:/program_files/st/stm32cubeide_1.7.0/stm32cubeide/plugins/com.st.stm32cube.ide.mcu.externaltools.gnu-tools-for-stm32.9-2020-q2-update.win32_2.0.0.202105311346/tools/bin/../lib/gcc/arm-none-eabi/9.3.1/thumb/v7e-m+fp/hard/crtend.o
LOAD d:/program_files/st/stm32cubeide_1.7.0/stm32cubeide/plugins/com.st.stm32cube.ide.mcu.externaltools.gnu-tools-for-stm32.9-2020-q2-update.win32_2.0.0.202105311346/tools/bin/../lib/gcc/arm-none-eabi/9.3.1/thumb/v7e-m+fp/hard/crtn.o
                0x0000000020020000                _estack = (ORIGIN (RAM) + LENGTH (RAM))
                0x0000000000000200                _Min_Heap_Size = 0x200
                0x0000000000000400                _Min_Stack_Size = 0x400

.isr_vector     0x0000000008000000      0x188
                0x0000000008000000                . = ALIGN (0x4)
 *(.isr_vector)
 .isr_vector    0x0000000008000000      0x188 ./Core/Startup/startup_stm32f407vetx.o
                0x0000000008000000                g_pfnVectors
                0x0000000008000188                . = ALIGN (0x4)

.text           0x0000000008000188     0x3678
                0x0000000008000188                . = ALIGN (0x4)
 *(.text)
 .text          0x0000000008000188       0x40 d:/program_files/st/stm32cubeide_1.7.0/stm32cubeide/plugins/com.st.stm32cube.ide.mcu.externaltools.gnu-tools-for-stm32.9-2020-q2-update.win32_2.0.0.202105311346/tools/bin/../lib/gcc/arm-none-eabi/9.3.1/thumb/v7e-m+fp/hard/crtbegin.o
 .text          0x00000000080001c8       0x30 d:/program_files/st/stm32cubeide_1.7.0/stm32cubeide/plugins/com.st.stm32cube.ide.mcu.externaltools.gnu-tools-for-stm32.9-2020-q2-update.win32_2.0.0.202105311346/tools/bin/../lib/gcc/arm-none-eabi/9.3.1/thumb/v7e-m+fp/hard\libgcc.a(_aeabi_uldivmod.o)
                0x00000000080001c8                __aeabi_uldivmod
 .text          0x00000000080001f8      0x2c4 d:/program_files/st/stm32cubeide_1.7.0/stm32cubeide/plugins/com.st.stm32cube.ide.mcu.externaltools.gnu-tools-for-stm32.9-2020-q2-update.win32_2.0.0.202105311346/tools/bin/../lib/gcc/arm-none-eabi/9.3.1/thumb/v7e-m+fp/hard\libgcc.a(_udivmoddi4.o)
                0x00000000080001f8                __udivmoddi4
 .text          0x00000000080004bc        0x4 d:/program_files/st/stm32cubeide_1.7.0/stm32cubeide/plugins/com.st.stm32cube.ide.mcu.externaltools.gnu-tools-for-stm32.9-2020-q2-update.win32_2.0.0.202105311346/tools/bin/../lib/gcc/arm-none-eabi/9.3.1/thumb/v7e-m+fp/hard\libgcc.a(_dvmd_tls.o)
                0x00000000080004bc                __aeabi_idiv0
                0x00000000080004bc                __aeabi_ldiv0
 *(.text*)
 .text.main     0x00000000080004c0      0x1d4 ./Core/Src/main.o
                0x00000000080004c0                main
 .text.SystemClock_Config
                0x0000000008000694       0xbc ./Core/Src/main.o
                0x0000000008000694                SystemClock_Config
 .text.MX_CAN1_Init
                0x0000000008000750       0x68 ./Core/Src/main.o
 .text.MX_CAN2_Init
                0x00000000080007b8       0x68 ./Core/Src/main.o
 .text.MX_SPI1_Init
                0x0000000008000820       0x6c ./Core/Src/main.o
 .text.MX_SPI2_Init
                0x000000000800088c       0x6c ./Core/Src/main.o
 .text.MX_GPIO_Init
                0x00000000080008f8       0xc0 ./Core/Src/main.o
 .text.Error_Handler
                0x00000000080009b8        0xa ./Core/Src/main.o
                0x00000000080009b8                Error_Handler
 *fill*         0x00000000080009c2        0x2 
 .text.HAL_MspInit
                0x00000000080009c4       0x50 ./Core/Src/stm32f4xx_hal_msp.o
                0x00000000080009c4                HAL_MspInit
 .text.HAL_CAN_MspInit
                0x0000000008000a14      0x140 ./Core/Src/stm32f4xx_hal_msp.o
                0x0000000008000a14                HAL_CAN_MspInit
 .text.HAL_SPI_MspInit
                0x0000000008000b54       0xf8 ./Core/Src/stm32f4xx_hal_msp.o
                0x0000000008000b54                HAL_SPI_MspInit
 .text.NMI_Handler
                0x0000000008000c4c        0x6 ./Core/Src/stm32f4xx_it.o
                0x0000000008000c4c                NMI_Handler
 .text.HardFault_Handler
                0x0000000008000c52        0x6 ./Core/Src/stm32f4xx_it.o
                0x0000000008000c52                HardFault_Handler
 .text.MemManage_Handler
                0x0000000008000c58        0x6 ./Core/Src/stm32f4xx_it.o
                0x0000000008000c58                MemManage_Handler
 .text.BusFault_Handler
                0x0000000008000c5e        0x6 ./Core/Src/stm32f4xx_it.o
                0x0000000008000c5e                BusFault_Handler
 .text.UsageFault_Handler
                0x0000000008000c64        0x6 ./Core/Src/stm32f4xx_it.o
                0x0000000008000c64                UsageFault_Handler
 .text.SVC_Handler
                0x0000000008000c6a        0xe ./Core/Src/stm32f4xx_it.o
                0x0000000008000c6a                SVC_Handler
 .text.DebugMon_Handler
                0x0000000008000c78        0xe ./Core/Src/stm32f4xx_it.o
                0x0000000008000c78                DebugMon_Handler
 .text.PendSV_Handler
                0x0000000008000c86        0xe ./Core/Src/stm32f4xx_it.o
                0x0000000008000c86                PendSV_Handler
 .text.SysTick_Handler
                0x0000000008000c94        0xc ./Core/Src/stm32f4xx_it.o
                0x0000000008000c94                SysTick_Handler
 .text.SystemInit
                0x0000000008000ca0       0x24 ./Core/Src/system_stm32f4xx.o
                0x0000000008000ca0                SystemInit
 .text.Reset_Handler
                0x0000000008000cc4       0x50 ./Core/Startup/startup_stm32f407vetx.o
                0x0000000008000cc4                Reset_Handler
 .text.Default_Handler
                0x0000000008000d14        0x2 ./Core/Startup/startup_stm32f407vetx.o
                0x0000000008000d14                RTC_Alarm_IRQHandler
                0x0000000008000d14                HASH_RNG_IRQHandler
                0x0000000008000d14                EXTI2_IRQHandler
                0x0000000008000d14                TIM8_CC_IRQHandler
                0x0000000008000d14                TIM1_CC_IRQHandler
                0x0000000008000d14                DMA2_Stream5_IRQHandler
                0x0000000008000d14                DMA1_Stream5_IRQHandler
                0x0000000008000d14                PVD_IRQHandler
                0x0000000008000d14                SDIO_IRQHandler
                0x0000000008000d14                TAMP_STAMP_IRQHandler
                0x0000000008000d14                CAN2_RX1_IRQHandler
                0x0000000008000d14                EXTI3_IRQHandler
                0x0000000008000d14                TIM8_TRG_COM_TIM14_IRQHandler
                0x0000000008000d14                TIM1_UP_TIM10_IRQHandler
                0x0000000008000d14                TIM8_UP_TIM13_IRQHandler
                0x0000000008000d14                I2C3_ER_IRQHandler
                0x0000000008000d14                EXTI0_IRQHandler
                0x0000000008000d14                I2C2_EV_IRQHandler
                0x0000000008000d14                DMA1_Stream2_IRQHandler
                0x0000000008000d14                CAN1_RX0_IRQHandler
                0x0000000008000d14                FPU_IRQHandler
                0x0000000008000d14                OTG_HS_WKUP_IRQHandler
                0x0000000008000d14                CAN2_SCE_IRQHandler
                0x0000000008000d14                DMA2_Stream2_IRQHandler
                0x0000000008000d14                SPI1_IRQHandler
                0x0000000008000d14                TIM6_DAC_IRQHandler
                0x0000000008000d14                TIM1_BRK_TIM9_IRQHandler
                0x0000000008000d14                DCMI_IRQHandler
                0x0000000008000d14                CAN2_RX0_IRQHandler
                0x0000000008000d14                DMA2_Stream3_IRQHandler
                0x0000000008000d14                USART6_IRQHandler
                0x0000000008000d14                USART3_IRQHandler
                0x0000000008000d14                CAN1_RX1_IRQHandler
                0x0000000008000d14                UART5_IRQHandler
                0x0000000008000d14                DMA2_Stream0_IRQHandler
                0x0000000008000d14                TIM4_IRQHandler
                0x0000000008000d14                I2C1_EV_IRQHandler
                0x0000000008000d14                DMA1_Stream6_IRQHandler
                0x0000000008000d14                DMA1_Stream1_IRQHandler
                0x0000000008000d14                UART4_IRQHandler
                0x0000000008000d14                TIM3_IRQHandler
                0x0000000008000d14                RCC_IRQHandler
                0x0000000008000d14                TIM8_BRK_TIM12_IRQHandler
                0x0000000008000d14                Default_Handler
                0x0000000008000d14                EXTI15_10_IRQHandler
                0x0000000008000d14                ADC_IRQHandler
                0x0000000008000d14                DMA1_Stream7_IRQHandler
                0x0000000008000d14                TIM7_IRQHandler
                0x0000000008000d14                CAN2_TX_IRQHandler
                0x0000000008000d14                TIM5_IRQHandler
                0x0000000008000d14                DMA2_Stream7_IRQHandler
                0x0000000008000d14                I2C3_EV_IRQHandler
                0x0000000008000d14                EXTI9_5_IRQHandler
                0x0000000008000d14                RTC_WKUP_IRQHandler
                0x0000000008000d14                ETH_WKUP_IRQHandler
                0x0000000008000d14                SPI2_IRQHandler
                0x0000000008000d14                OTG_HS_EP1_IN_IRQHandler
                0x0000000008000d14                DMA1_Stream0_IRQHandler
                0x0000000008000d14                CAN1_TX_IRQHandler
                0x0000000008000d14                EXTI4_IRQHandler
                0x0000000008000d14                FSMC_IRQHandler
                0x0000000008000d14                ETH_IRQHandler
                0x0000000008000d14                OTG_HS_EP1_OUT_IRQHandler
                0x0000000008000d14                WWDG_IRQHandler
                0x0000000008000d14                TIM2_IRQHandler
                0x0000000008000d14                OTG_FS_WKUP_IRQHandler
                0x0000000008000d14                TIM1_TRG_COM_TIM11_IRQHandler
                0x0000000008000d14                OTG_HS_IRQHandler
                0x0000000008000d14                EXTI1_IRQHandler
                0x0000000008000d14                USART2_IRQHandler
                0x0000000008000d14                I2C2_ER_IRQHandler
                0x0000000008000d14                DMA2_Stream1_IRQHandler
                0x0000000008000d14                CAN1_SCE_IRQHandler
                0x0000000008000d14                FLASH_IRQHandler
                0x0000000008000d14                DMA2_Stream4_IRQHandler
                0x0000000008000d14                USART1_IRQHandler
                0x0000000008000d14                OTG_FS_IRQHandler
                0x0000000008000d14                SPI3_IRQHandler
                0x0000000008000d14                DMA1_Stream4_IRQHandler
                0x0000000008000d14                I2C1_ER_IRQHandler
                0x0000000008000d14                DMA2_Stream6_IRQHandler
                0x0000000008000d14                DMA1_Stream3_IRQHandler
 *fill*         0x0000000008000d16        0x2 
 .text.HAL_Init
                0x0000000008000d18       0x44 ./Drivers/STM32F4xx_HAL_Driver/Src/stm32f4xx_hal.o
                0x0000000008000d18                HAL_Init
 .text.HAL_InitTick
                0x0000000008000d5c       0x60 ./Drivers/STM32F4xx_HAL_Driver/Src/stm32f4xx_hal.o
                0x0000000008000d5c                HAL_InitTick
 .text.HAL_IncTick
                0x0000000008000dbc       0x28 ./Drivers/STM32F4xx_HAL_Driver/Src/stm32f4xx_hal.o
                0x0000000008000dbc                HAL_IncTick
 .text.HAL_GetTick
                0x0000000008000de4       0x18 ./Drivers/STM32F4xx_HAL_Driver/Src/stm32f4xx_hal.o
                0x0000000008000de4                HAL_GetTick
 .text.HAL_Delay
                0x0000000008000dfc       0x48 ./Drivers/STM32F4xx_HAL_Driver/Src/stm32f4xx_hal.o
                0x0000000008000dfc                HAL_Delay
 .text.HAL_CAN_Init
                0x0000000008000e44      0x1f6 ./Drivers/STM32F4xx_HAL_Driver/Src/stm32f4xx_hal_can.o
                0x0000000008000e44                HAL_CAN_Init
 *fill*         0x000000000800103a        0x2 
 .text.HAL_CAN_ConfigFilter
                0x000000000800103c      0x1c0 ./Drivers/STM32F4xx_HAL_Driver/Src/stm32f4xx_hal_can.o
                0x000000000800103c                HAL_CAN_ConfigFilter
 .text.HAL_CAN_Start
                0x00000000080011fc       0x88 ./Drivers/STM32F4xx_HAL_Driver/Src/stm32f4xx_hal_can.o
                0x00000000080011fc                HAL_CAN_Start
 .text.HAL_CAN_AddTxMessage
                0x0000000008001284      0x1b6 ./Drivers/STM32F4xx_HAL_Driver/Src/stm32f4xx_hal_can.o
                0x0000000008001284                HAL_CAN_AddTxMessage
 .text.HAL_CAN_GetTxMailboxesFreeLevel
                0x000000000800143a       0x6a ./Drivers/STM32F4xx_HAL_Driver/Src/stm32f4xx_hal_can.o
                0x000000000800143a                HAL_CAN_GetTxMailboxesFreeLevel
 .text.HAL_CAN_GetRxMessage
                0x00000000080014a4      0x224 ./Drivers/STM32F4xx_HAL_Driver/Src/stm32f4xx_hal_can.o
                0x00000000080014a4                HAL_CAN_GetRxMessage
 .text.HAL_CAN_GetRxFifoFillLevel
                0x00000000080016c8       0x50 ./Drivers/STM32F4xx_HAL_Driver/Src/stm32f4xx_hal_can.o
                0x00000000080016c8                HAL_CAN_GetRxFifoFillLevel
 .text.HAL_CAN_ActivateNotification
                0x0000000008001718       0x4c ./Drivers/STM32F4xx_HAL_Driver/Src/stm32f4xx_hal_can.o
                0x0000000008001718                HAL_CAN_ActivateNotification
 .text.__NVIC_SetPriorityGrouping
                0x0000000008001764       0x48 ./Drivers/STM32F4xx_HAL_Driver/Src/stm32f4xx_hal_cortex.o
 .text.__NVIC_GetPriorityGrouping
                0x00000000080017ac       0x1c ./Drivers/STM32F4xx_HAL_Driver/Src/stm32f4xx_hal_cortex.o
 .text.__NVIC_SetPriority
                0x00000000080017c8       0x54 ./Drivers/STM32F4xx_HAL_Driver/Src/stm32f4xx_hal_cortex.o
 .text.NVIC_EncodePriority
                0x000000000800181c       0x66 ./Drivers/STM32F4xx_HAL_Driver/Src/stm32f4xx_hal_cortex.o
 *fill*         0x0000000008001882        0x2 
 .text.SysTick_Config
                0x0000000008001884       0x44 ./Drivers/STM32F4xx_HAL_Driver/Src/stm32f4xx_hal_cortex.o
 .text.HAL_NVIC_SetPriorityGrouping
                0x00000000080018c8       0x16 ./Drivers/STM32F4xx_HAL_Driver/Src/stm32f4xx_hal_cortex.o
                0x00000000080018c8                HAL_NVIC_SetPriorityGrouping
 .text.HAL_NVIC_SetPriority
                0x00000000080018de       0x38 ./Drivers/STM32F4xx_HAL_Driver/Src/stm32f4xx_hal_cortex.o
                0x00000000080018de                HAL_NVIC_SetPriority
 .text.HAL_SYSTICK_Config
                0x0000000008001916       0x18 ./Drivers/STM32F4xx_HAL_Driver/Src/stm32f4xx_hal_cortex.o
                0x0000000008001916                HAL_SYSTICK_Config
 *fill*         0x000000000800192e        0x2 
 .text.HAL_GPIO_Init
                0x0000000008001930      0x338 ./Drivers/STM32F4xx_HAL_Driver/Src/stm32f4xx_hal_gpio.o
                0x0000000008001930                HAL_GPIO_Init
 .text.HAL_GPIO_WritePin
                0x0000000008001c68       0x32 ./Drivers/STM32F4xx_HAL_Driver/Src/stm32f4xx_hal_gpio.o
                0x0000000008001c68                HAL_GPIO_WritePin
 *fill*         0x0000000008001c9a        0x2 
 .text.HAL_RCC_OscConfig
                0x0000000008001c9c      0x4f0 ./Drivers/STM32F4xx_HAL_Driver/Src/stm32f4xx_hal_rcc.o
                0x0000000008001c9c                HAL_RCC_OscConfig
 .text.HAL_RCC_ClockConfig
                0x000000000800218c      0x1cc ./Drivers/STM32F4xx_HAL_Driver/Src/stm32f4xx_hal_rcc.o
                0x000000000800218c                HAL_RCC_ClockConfig
 .text.HAL_RCC_GetSysClockFreq
                0x0000000008002358      0x16c ./Drivers/STM32F4xx_HAL_Driver/Src/stm32f4xx_hal_rcc.o
                0x0000000008002358                HAL_RCC_GetSysClockFreq
 .text.HAL_SPI_Init
                0x00000000080024c4      0x112 ./Drivers/STM32F4xx_HAL_Driver/Src/stm32f4xx_hal_spi.o
                0x00000000080024c4                HAL_SPI_Init
 .text.HAL_SPI_TransmitReceive
                0x00000000080025d6      0x344 ./Drivers/STM32F4xx_HAL_Driver/Src/stm32f4xx_hal_spi.o
                0x00000000080025d6                HAL_SPI_TransmitReceive
 *fill*         0x000000000800291a        0x2 
 .text.SPI_WaitFlagStateUntilTimeout
                0x000000000800291c      0x110 ./Drivers/STM32F4xx_HAL_Driver/Src/stm32f4xx_hal_spi.o
 .text.SPI_EndRxTxTransaction
                0x0000000008002a2c       0x84 ./Drivers/STM32F4xx_HAL_Driver/Src/stm32f4xx_hal_spi.o
 .text.CAN1_Mode_Init
                0x0000000008002ab0       0x8c ./HARDWARE/CAN/can.o
                0x0000000008002ab0                CAN1_Mode_Init
 .text.CAN2_Mode_Init
                0x0000000008002b3c       0x8c ./HARDWARE/CAN/can.o
                0x0000000008002b3c                CAN2_Mode_Init
 .text.CAN_Config
                0x0000000008002bc8       0x94 ./HARDWARE/CAN/can.o
                0x0000000008002bc8                CAN_Config
 .text.CAN2_Config
                0x0000000008002c5c       0x94 ./HARDWARE/CAN/can.o
                0x0000000008002c5c                CAN2_Config
 .text.CAN1_Send_Msg
                0x0000000008002cf0       0x90 ./HARDWARE/CAN/can.o
                0x0000000008002cf0                CAN1_Send_Msg
 .text.CAN2_Send_Msg
                0x0000000008002d80       0x90 ./HARDWARE/CAN/can.o
                0x0000000008002d80                CAN2_Send_Msg
 .text.CAN1_Receive_Msg
                0x0000000008002e10       0x70 ./HARDWARE/CAN/can.o
                0x0000000008002e10                CAN1_Receive_Msg
 .text.CAN2_Receive_Msg
                0x0000000008002e80       0x70 ./HARDWARE/CAN/can.o
                0x0000000008002e80                CAN2_Receive_Msg
 .text.NRF24L01_SPI_Init
                0x0000000008002ef0       0x40 ./HARDWARE/NRF24L01/24l01.o
                0x0000000008002ef0                NRF24L01_SPI_Init
 .text.NRF24L01_2_SPI_Init
                0x0000000008002f30       0x40 ./HARDWARE/NRF24L01/24l01.o
                0x0000000008002f30                NRF24L01_2_SPI_Init
 .text.NRF24L01_Init
                0x0000000008002f70       0xc8 ./HARDWARE/NRF24L01/24l01.o
                0x0000000008002f70                NRF24L01_Init
 .text.NRF24L01_2_Init
                0x0000000008003038       0xa0 ./HARDWARE/NRF24L01/24l01.o
                0x0000000008003038                NRF24L01_2_Init
 .text.NRF24L01_Check
                0x00000000080030d8       0x70 ./HARDWARE/NRF24L01/24l01.o
                0x00000000080030d8                NRF24L01_Check
 .text.NRF24L01_2_Check
                0x0000000008003148       0x70 ./HARDWARE/NRF24L01/24l01.o
                0x0000000008003148                NRF24L01_2_Check
 .text.NRF24L01_Write_Reg
                0x00000000080031b8       0x40 ./HARDWARE/NRF24L01/24l01.o
                0x00000000080031b8                NRF24L01_Write_Reg
 .text.NRF24L01_2_Write_Reg
                0x00000000080031f8       0x40 ./HARDWARE/NRF24L01/24l01.o
                0x00000000080031f8                NRF24L01_2_Write_Reg
 .text.NRF24L01_Read_Reg
                0x0000000008003238       0x38 ./HARDWARE/NRF24L01/24l01.o
                0x0000000008003238                NRF24L01_Read_Reg
 .text.NRF24L01_2_Read_Reg
                0x0000000008003270       0x38 ./HARDWARE/NRF24L01/24l01.o
                0x0000000008003270                NRF24L01_2_Read_Reg
 .text.NRF24L01_Read_Buf
                0x00000000080032a8       0x5c ./HARDWARE/NRF24L01/24l01.o
                0x00000000080032a8                NRF24L01_Read_Buf
 .text.NRF24L01_2_Read_Buf
                0x0000000008003304       0x5c ./HARDWARE/NRF24L01/24l01.o
                0x0000000008003304                NRF24L01_2_Read_Buf
 .text.NRF24L01_Write_Buf
                0x0000000008003360       0x58 ./HARDWARE/NRF24L01/24l01.o
                0x0000000008003360                NRF24L01_Write_Buf
 .text.NRF24L01_2_Write_Buf
                0x00000000080033b8       0x58 ./HARDWARE/NRF24L01/24l01.o
                0x00000000080033b8                NRF24L01_2_Write_Buf
 .text.NRF24L01_2_TxPacket
                0x0000000008003410       0x78 ./HARDWARE/NRF24L01/24l01.o
                0x0000000008003410                NRF24L01_2_TxPacket
 .text.NRF24L01_RxPacket
                0x0000000008003488       0x4c ./HARDWARE/NRF24L01/24l01.o
                0x0000000008003488                NRF24L01_RxPacket
 .text.NRF24L01_RX_Mode
                0x00000000080034d4       0x58 ./HARDWARE/NRF24L01/24l01.o
                0x00000000080034d4                NRF24L01_RX_Mode
 .text.NRF24L01_2_TX_Mode
                0x000000000800352c       0x64 ./HARDWARE/NRF24L01/24l01.o
                0x000000000800352c                NRF24L01_2_TX_Mode
 .text.SPI1_Init
                0x0000000008003590       0x78 ./HARDWARE/SPI/spi.o
                0x0000000008003590                SPI1_Init
 .text.SPI2_Init
                0x0000000008003608       0x78 ./HARDWARE/SPI/spi.o
                0x0000000008003608                SPI2_Init
 .text.SPI1_SetSpeed
                0x0000000008003680       0x5c ./HARDWARE/SPI/spi.o
                0x0000000008003680                SPI1_SetSpeed
 .text.SPI2_SetSpeed
                0x00000000080036dc       0x5c ./HARDWARE/SPI/spi.o
                0x00000000080036dc                SPI2_SetSpeed
 .text.SPI1_ReadWriteByte
                0x0000000008003738       0x2c ./HARDWARE/SPI/spi.o
                0x0000000008003738                SPI1_ReadWriteByte
 .text.SPI2_ReadWriteByte
                0x0000000008003764       0x2c ./HARDWARE/SPI/spi.o
                0x0000000008003764                SPI2_ReadWriteByte
 .text.__libc_init_array
                0x0000000008003790       0x48 d:/program_files/st/stm32cubeide_1.7.0/stm32cubeide/plugins/com.st.stm32cube.ide.mcu.externaltools.gnu-tools-for-stm32.9-2020-q2-update.win32_2.0.0.202105311346/tools/bin/../lib/gcc/arm-none-eabi/9.3.1/../../../../arm-none-eabi/lib/thumb/v7e-m+fp/hard\libc_nano.a(lib_a-init.o)
                0x0000000008003790                __libc_init_array
 .text.memset   0x00000000080037d8       0x10 d:/program_files/st/stm32cubeide_1.7.0/stm32cubeide/plugins/com.st.stm32cube.ide.mcu.externaltools.gnu-tools-for-stm32.9-2020-q2-update.win32_2.0.0.202105311346/tools/bin/../lib/gcc/arm-none-eabi/9.3.1/../../../../arm-none-eabi/lib/thumb/v7e-m+fp/hard\libc_nano.a(lib_a-memset.o)
                0x00000000080037d8                memset
 *(.glue_7)
 .glue_7        0x00000000080037e8        0x0 linker stubs
 *(.glue_7t)
 .glue_7t       0x00000000080037e8        0x0 linker stubs
 *(.eh_frame)
 .eh_frame      0x00000000080037e8        0x0 d:/program_files/st/stm32cubeide_1.7.0/stm32cubeide/plugins/com.st.stm32cube.ide.mcu.externaltools.gnu-tools-for-stm32.9-2020-q2-update.win32_2.0.0.202105311346/tools/bin/../lib/gcc/arm-none-eabi/9.3.1/thumb/v7e-m+fp/hard/crtbegin.o
 *(.init)
 .init          0x00000000080037e8        0x4 d:/program_files/st/stm32cubeide_1.7.0/stm32cubeide/plugins/com.st.stm32cube.ide.mcu.externaltools.gnu-tools-for-stm32.9-2020-q2-update.win32_2.0.0.202105311346/tools/bin/../lib/gcc/arm-none-eabi/9.3.1/thumb/v7e-m+fp/hard/crti.o
                0x00000000080037e8                _init
 .init          0x00000000080037ec        0x8 d:/program_files/st/stm32cubeide_1.7.0/stm32cubeide/plugins/com.st.stm32cube.ide.mcu.externaltools.gnu-tools-for-stm32.9-2020-q2-update.win32_2.0.0.202105311346/tools/bin/../lib/gcc/arm-none-eabi/9.3.1/thumb/v7e-m+fp/hard/crtn.o
 *(.fini)
 .fini          0x00000000080037f4        0x4 d:/program_files/st/stm32cubeide_1.7.0/stm32cubeide/plugins/com.st.stm32cube.ide.mcu.externaltools.gnu-tools-for-stm32.9-2020-q2-update.win32_2.0.0.202105311346/tools/bin/../lib/gcc/arm-none-eabi/9.3.1/thumb/v7e-m+fp/hard/crti.o
                0x00000000080037f4                _fini
 .fini          0x00000000080037f8        0x8 d:/program_files/st/stm32cubeide_1.7.0/stm32cubeide/plugins/com.st.stm32cube.ide.mcu.externaltools.gnu-tools-for-stm32.9-2020-q2-update.win32_2.0.0.202105311346/tools/bin/../lib/gcc/arm-none-eabi/9.3.1/thumb/v7e-m+fp/hard/crtn.o
                0x0000000008003800                . = ALIGN (0x4)
                0x0000000008003800                _etext = .

.vfp11_veneer   0x0000000008003800        0x0
 .vfp11_veneer  0x0000000008003800        0x0 linker stubs

.v4_bx          0x0000000008003800        0x0
 .v4_bx         0x0000000008003800        0x0 linker stubs

.iplt           0x0000000008003800        0x0
 .iplt          0x0000000008003800        0x0 d:/program_files/st/stm32cubeide_1.7.0/stm32cubeide/plugins/com.st.stm32cube.ide.mcu.externaltools.gnu-tools-for-stm32.9-2020-q2-update.win32_2.0.0.202105311346/tools/bin/../lib/gcc/arm-none-eabi/9.3.1/thumb/v7e-m+fp/hard/crtbegin.o

.rodata         0x0000000008003800       0x28
                0x0000000008003800                . = ALIGN (0x4)
 *(.rodata)
 .rodata        0x0000000008003800        0x5 ./HARDWARE/NRF24L01/24l01.o
 *(.rodata*)
 *fill*         0x0000000008003805        0x3 
 .rodata.AHBPrescTable
                0x0000000008003808       0x10 ./Core/Src/system_stm32f4xx.o
                0x0000000008003808                AHBPrescTable
 .rodata.TX_ADDRESS
                0x0000000008003818        0x5 ./HARDWARE/NRF24L01/24l01.o
                0x0000000008003818                TX_ADDRESS
 *fill*         0x000000000800381d        0x3 
 .rodata.RX_ADDRESS
                0x0000000008003820        0x5 ./HARDWARE/NRF24L01/24l01.o
                0x0000000008003820                RX_ADDRESS
                0x0000000008003828                . = ALIGN (0x4)
 *fill*         0x0000000008003825        0x3 

.ARM.extab      0x0000000008003828        0x0
                0x0000000008003828                . = ALIGN (0x4)
 *(.ARM.extab* .gnu.linkonce.armextab.*)
                0x0000000008003828                . = ALIGN (0x4)

.ARM            0x0000000008003828        0x8
                0x0000000008003828                . = ALIGN (0x4)
                0x0000000008003828                __exidx_start = .
 *(.ARM.exidx*)
 .ARM.exidx     0x0000000008003828        0x8 d:/program_files/st/stm32cubeide_1.7.0/stm32cubeide/plugins/com.st.stm32cube.ide.mcu.externaltools.gnu-tools-for-stm32.9-2020-q2-update.win32_2.0.0.202105311346/tools/bin/../lib/gcc/arm-none-eabi/9.3.1/thumb/v7e-m+fp/hard\libgcc.a(_udivmoddi4.o)
                0x0000000008003830                __exidx_end = .
                0x0000000008003830                . = ALIGN (0x4)

.rel.dyn        0x0000000008003830        0x0
 .rel.iplt      0x0000000008003830        0x0 d:/program_files/st/stm32cubeide_1.7.0/stm32cubeide/plugins/com.st.stm32cube.ide.mcu.externaltools.gnu-tools-for-stm32.9-2020-q2-update.win32_2.0.0.202105311346/tools/bin/../lib/gcc/arm-none-eabi/9.3.1/thumb/v7e-m+fp/hard/crtbegin.o

.preinit_array  0x0000000008003830        0x0
                0x0000000008003830                . = ALIGN (0x4)
                0x0000000008003830                PROVIDE (__preinit_array_start = .)
 *(.preinit_array*)
                0x0000000008003830                PROVIDE (__preinit_array_end = .)
                0x0000000008003830                . = ALIGN (0x4)

.init_array     0x0000000008003830        0x4
                0x0000000008003830                . = ALIGN (0x4)
                0x0000000008003830                PROVIDE (__init_array_start = .)
 *(SORT_BY_NAME(.init_array.*))
 *(.init_array*)
 .init_array    0x0000000008003830        0x4 d:/program_files/st/stm32cubeide_1.7.0/stm32cubeide/plugins/com.st.stm32cube.ide.mcu.externaltools.gnu-tools-for-stm32.9-2020-q2-update.win32_2.0.0.202105311346/tools/bin/../lib/gcc/arm-none-eabi/9.3.1/thumb/v7e-m+fp/hard/crtbegin.o
                0x0000000008003834                PROVIDE (__init_array_end = .)
                0x0000000008003834                . = ALIGN (0x4)

.fini_array     0x0000000008003834        0x4
                0x0000000008003834                . = ALIGN (0x4)
                [!provide]                        PROVIDE (__fini_array_start = .)
 *(SORT_BY_NAME(.fini_array.*))
 *(.fini_array*)
 .fini_array    0x0000000008003834        0x4 d:/program_files/st/stm32cubeide_1.7.0/stm32cubeide/plugins/com.st.stm32cube.ide.mcu.externaltools.gnu-tools-for-stm32.9-2020-q2-update.win32_2.0.0.202105311346/tools/bin/../lib/gcc/arm-none-eabi/9.3.1/thumb/v7e-m+fp/hard/crtbegin.o
                [!provide]                        PROVIDE (__fini_array_end = .)
                0x0000000008003838                . = ALIGN (0x4)
                0x0000000008003838                _sidata = LOADADDR (.data)

.data           0x0000000020000000        0xc load address 0x0000000008003838
                0x0000000020000000                . = ALIGN (0x4)
                0x0000000020000000                _sdata = .
 *(.data)
 *(.data*)
 .data.SystemCoreClock
                0x0000000020000000        0x4 ./Core/Src/system_stm32f4xx.o
                0x0000000020000000                SystemCoreClock
 .data.uwTickPrio
                0x0000000020000004        0x4 ./Drivers/STM32F4xx_HAL_Driver/Src/stm32f4xx_hal.o
                0x0000000020000004                uwTickPrio
 .data.uwTickFreq
                0x0000000020000008        0x1 ./Drivers/STM32F4xx_HAL_Driver/Src/stm32f4xx_hal.o
                0x0000000020000008                uwTickFreq
 *(.RamFunc)
 *(.RamFunc*)
                0x000000002000000c                . = ALIGN (0x4)
 *fill*         0x0000000020000009        0x3 
                0x000000002000000c                _edata = .
                0x0000000008003844                _siccmram = LOADADDR (.ccmram)

.igot.plt       0x000000002000000c        0x0 load address 0x0000000008003844
 .igot.plt      0x000000002000000c        0x0 d:/program_files/st/stm32cubeide_1.7.0/stm32cubeide/plugins/com.st.stm32cube.ide.mcu.externaltools.gnu-tools-for-stm32.9-2020-q2-update.win32_2.0.0.202105311346/tools/bin/../lib/gcc/arm-none-eabi/9.3.1/thumb/v7e-m+fp/hard/crtbegin.o

.ccmram         0x0000000010000000        0x0 load address 0x0000000008003844
                0x0000000010000000                . = ALIGN (0x4)
                0x0000000010000000                _sccmram = .
 *(.ccmram)
 *(.ccmram*)
                0x0000000010000000                . = ALIGN (0x4)
                0x0000000010000000                _eccmram = .
                0x0000000010000000                . = ALIGN (0x4)

.bss            0x000000002000000c      0x28c
                0x000000002000000c                _sbss = .
                0x000000002000000c                __bss_start__ = _sbss
 *(.bss)
 .bss           0x000000002000000c       0x1c d:/program_files/st/stm32cubeide_1.7.0/stm32cubeide/plugins/com.st.stm32cube.ide.mcu.externaltools.gnu-tools-for-stm32.9-2020-q2-update.win32_2.0.0.202105311346/tools/bin/../lib/gcc/arm-none-eabi/9.3.1/thumb/v7e-m+fp/hard/crtbegin.o
 *(.bss*)
 .bss.HAL_RCC_CAN1_CLK_ENABLED
                0x0000000020000028        0x4 ./Core/Src/stm32f4xx_hal_msp.o
 *(COMMON)
 COMMON         0x000000002000002c      0x100 ./Core/Src/main.o
                0x000000002000002c                hspi2
                0x0000000020000084                hcan2
                0x00000000200000ac                hspi1
                0x0000000020000104                hcan1
 COMMON         0x000000002000012c        0x4 ./Drivers/STM32F4xx_HAL_Driver/Src/stm32f4xx_hal.o
                0x000000002000012c                uwTick
 COMMON         0x0000000020000130       0xb8 ./HARDWARE/CAN/can.o
                0x0000000020000130                CAN2_Handler
                0x0000000020000158                Tx2Header
                0x0000000020000170                CAN1_Handler
                0x0000000020000198                Rx2Header
                0x00000000200001b4                TxHeader
                0x00000000200001cc                RxHeader
 COMMON         0x00000000200001e8       0xb0 ./HARDWARE/SPI/spi.o
                0x00000000200001e8                SPI2_Handler
                0x0000000020000240                SPI1_Handler
                0x0000000020000298                . = ALIGN (0x4)
                0x0000000020000298                _ebss = .
                0x0000000020000298                __bss_end__ = _ebss

._user_heap_stack
                0x0000000020000298      0x600
                0x0000000020000298                . = ALIGN (0x8)
                [!provide]                        PROVIDE (end = .)
                0x0000000020000298                PROVIDE (_end = .)
                0x0000000020000498                . = (. + _Min_Heap_Size)
 *fill*         0x0000000020000298      0x200 
                0x0000000020000898                . = (. + _Min_Stack_Size)
 *fill*         0x0000000020000498      0x400 
                0x0000000020000898                . = ALIGN (0x8)

/DISCARD/
 libc.a(*)
 libm.a(*)
 libgcc.a(*)

.ARM.attributes
                0x0000000000000000       0x30
 *(.ARM.attributes)
 .ARM.attributes
                0x0000000000000000       0x1e d:/program_files/st/stm32cubeide_1.7.0/stm32cubeide/plugins/com.st.stm32cube.ide.mcu.externaltools.gnu-tools-for-stm32.9-2020-q2-update.win32_2.0.0.202105311346/tools/bin/../lib/gcc/arm-none-eabi/9.3.1/thumb/v7e-m+fp/hard/crti.o
 .ARM.attributes
                0x000000000000001e       0x34 d:/program_files/st/stm32cubeide_1.7.0/stm32cubeide/plugins/com.st.stm32cube.ide.mcu.externaltools.gnu-tools-for-stm32.9-2020-q2-update.win32_2.0.0.202105311346/tools/bin/../lib/gcc/arm-none-eabi/9.3.1/thumb/v7e-m+fp/hard/crtbegin.o
 .ARM.attributes
                0x0000000000000052       0x34 ./Core/Src/main.o
 .ARM.attributes
                0x0000000000000086       0x34 ./Core/Src/stm32f4xx_hal_msp.o
 .ARM.attributes
                0x00000000000000ba       0x34 ./Core/Src/stm32f4xx_it.o
 .ARM.attributes
                0x00000000000000ee       0x34 ./Core/Src/system_stm32f4xx.o
 .ARM.attributes
                0x0000000000000122       0x21 ./Core/Startup/startup_stm32f407vetx.o
 .ARM.attributes
                0x0000000000000143       0x34 ./Drivers/STM32F4xx_HAL_Driver/Src/stm32f4xx_hal.o
 .ARM.attributes
                0x0000000000000177       0x34 ./Drivers/STM32F4xx_HAL_Driver/Src/stm32f4xx_hal_can.o
 .ARM.attributes
                0x00000000000001ab       0x34 ./Drivers/STM32F4xx_HAL_Driver/Src/stm32f4xx_hal_cortex.o
 .ARM.attributes
                0x00000000000001df       0x34 ./Drivers/STM32F4xx_HAL_Driver/Src/stm32f4xx_hal_gpio.o
 .ARM.attributes
                0x0000000000000213       0x34 ./Drivers/STM32F4xx_HAL_Driver/Src/stm32f4xx_hal_rcc.o
 .ARM.attributes
                0x0000000000000247       0x34 ./Drivers/STM32F4xx_HAL_Driver/Src/stm32f4xx_hal_spi.o
 .ARM.attributes
                0x000000000000027b       0x34 ./HARDWARE/CAN/can.o
 .ARM.attributes
                0x00000000000002af       0x34 ./HARDWARE/NRF24L01/24l01.o
 .ARM.attributes
                0x00000000000002e3       0x34 ./HARDWARE/SPI/spi.o
 .ARM.attributes
                0x0000000000000317       0x34 d:/program_files/st/stm32cubeide_1.7.0/stm32cubeide/plugins/com.st.stm32cube.ide.mcu.externaltools.gnu-tools-for-stm32.9-2020-q2-update.win32_2.0.0.202105311346/tools/bin/../lib/gcc/arm-none-eabi/9.3.1/../../../../arm-none-eabi/lib/thumb/v7e-m+fp/hard\libc_nano.a(lib_a-init.o)
 .ARM.attributes
                0x000000000000034b       0x34 d:/program_files/st/stm32cubeide_1.7.0/stm32cubeide/plugins/com.st.stm32cube.ide.mcu.externaltools.gnu-tools-for-stm32.9-2020-q2-update.win32_2.0.0.202105311346/tools/bin/../lib/gcc/arm-none-eabi/9.3.1/../../../../arm-none-eabi/lib/thumb/v7e-m+fp/hard\libc_nano.a(lib_a-memset.o)
 .ARM.attributes
                0x000000000000037f       0x1e d:/program_files/st/stm32cubeide_1.7.0/stm32cubeide/plugins/com.st.stm32cube.ide.mcu.externaltools.gnu-tools-for-stm32.9-2020-q2-update.win32_2.0.0.202105311346/tools/bin/../lib/gcc/arm-none-eabi/9.3.1/thumb/v7e-m+fp/hard\libgcc.a(_aeabi_uldivmod.o)
 .ARM.attributes
                0x000000000000039d       0x34 d:/program_files/st/stm32cubeide_1.7.0/stm32cubeide/plugins/com.st.stm32cube.ide.mcu.externaltools.gnu-tools-for-stm32.9-2020-q2-update.win32_2.0.0.202105311346/tools/bin/../lib/gcc/arm-none-eabi/9.3.1/thumb/v7e-m+fp/hard\libgcc.a(_udivmoddi4.o)
 .ARM.attributes
                0x00000000000003d1       0x1e d:/program_files/st/stm32cubeide_1.7.0/stm32cubeide/plugins/com.st.stm32cube.ide.mcu.externaltools.gnu-tools-for-stm32.9-2020-q2-update.win32_2.0.0.202105311346/tools/bin/../lib/gcc/arm-none-eabi/9.3.1/thumb/v7e-m+fp/hard\libgcc.a(_dvmd_tls.o)
 .ARM.attributes
                0x00000000000003ef       0x1e d:/program_files/st/stm32cubeide_1.7.0/stm32cubeide/plugins/com.st.stm32cube.ide.mcu.externaltools.gnu-tools-for-stm32.9-2020-q2-update.win32_2.0.0.202105311346/tools/bin/../lib/gcc/arm-none-eabi/9.3.1/thumb/v7e-m+fp/hard/crtn.o
OUTPUT(STM32F407VE.elf elf32-littlearm)
LOAD linker stubs
LOAD d:/program_files/st/stm32cubeide_1.7.0/stm32cubeide/plugins/com.st.stm32cube.ide.mcu.externaltools.gnu-tools-for-stm32.9-2020-q2-update.win32_2.0.0.202105311346/tools/bin/../lib/gcc/arm-none-eabi/9.3.1/../../../../arm-none-eabi/lib/thumb/v7e-m+fp/hard\libc.a
LOAD d:/program_files/st/stm32cubeide_1.7.0/stm32cubeide/plugins/com.st.stm32cube.ide.mcu.externaltools.gnu-tools-for-stm32.9-2020-q2-update.win32_2.0.0.202105311346/tools/bin/../lib/gcc/arm-none-eabi/9.3.1/../../../../arm-none-eabi/lib/thumb/v7e-m+fp/hard\libm.a
LOAD d:/program_files/st/stm32cubeide_1.7.0/stm32cubeide/plugins/com.st.stm32cube.ide.mcu.externaltools.gnu-tools-for-stm32.9-2020-q2-update.win32_2.0.0.202105311346/tools/bin/../lib/gcc/arm-none-eabi/9.3.1/thumb/v7e-m+fp/hard\libgcc.a

.debug_info     0x0000000000000000     0x9c1a
 .debug_info    0x0000000000000000     0x1129 ./Core/Src/main.o
 .debug_info    0x0000000000001129      0xf69 ./Core/Src/stm32f4xx_hal_msp.o
 .debug_info    0x0000000000002092      0x222 ./Core/Src/stm32f4xx_it.o
 .debug_info    0x00000000000022b4      0x5a4 ./Core/Src/system_stm32f4xx.o
 .debug_info    0x0000000000002858       0x22 ./Core/Startup/startup_stm32f407vetx.o
 .debug_info    0x000000000000287a      0x9b2 ./Drivers/STM32F4xx_HAL_Driver/Src/stm32f4xx_hal.o
 .debug_info    0x000000000000322c     0x108c ./Drivers/STM32F4xx_HAL_Driver/Src/stm32f4xx_hal_can.o
 .debug_info    0x00000000000042b8      0xed7 ./Drivers/STM32F4xx_HAL_Driver/Src/stm32f4xx_hal_cortex.o
 .debug_info    0x000000000000518f      0x83e ./Drivers/STM32F4xx_HAL_Driver/Src/stm32f4xx_hal_gpio.o
 .debug_info    0x00000000000059cd      0x996 ./Drivers/STM32F4xx_HAL_Driver/Src/stm32f4xx_hal_rcc.o
 .debug_info    0x0000000000006363     0x17c0 ./Drivers/STM32F4xx_HAL_Driver/Src/stm32f4xx_hal_spi.o
 .debug_info    0x0000000000007b23      0xa1c ./HARDWARE/CAN/can.o
 .debug_info    0x000000000000853f      0xf17 ./HARDWARE/NRF24L01/24l01.o
 .debug_info    0x0000000000009456      0x7c4 ./HARDWARE/SPI/spi.o

.debug_abbrev   0x0000000000000000     0x1b15
 .debug_abbrev  0x0000000000000000      0x28b ./Core/Src/main.o
 .debug_abbrev  0x000000000000028b      0x20a ./Core/Src/stm32f4xx_hal_msp.o
 .debug_abbrev  0x0000000000000495       0xd2 ./Core/Src/stm32f4xx_it.o
 .debug_abbrev  0x0000000000000567      0x145 ./Core/Src/system_stm32f4xx.o
 .debug_abbrev  0x00000000000006ac       0x12 ./Core/Startup/startup_stm32f407vetx.o
 .debug_abbrev  0x00000000000006be      0x1ed ./Drivers/STM32F4xx_HAL_Driver/Src/stm32f4xx_hal.o
 .debug_abbrev  0x00000000000008ab      0x246 ./Drivers/STM32F4xx_HAL_Driver/Src/stm32f4xx_hal_can.o
 .debug_abbrev  0x0000000000000af1      0x33c ./Drivers/STM32F4xx_HAL_Driver/Src/stm32f4xx_hal_cortex.o
 .debug_abbrev  0x0000000000000e2d      0x1f1 ./Drivers/STM32F4xx_HAL_Driver/Src/stm32f4xx_hal_gpio.o
 .debug_abbrev  0x000000000000101e      0x275 ./Drivers/STM32F4xx_HAL_Driver/Src/stm32f4xx_hal_rcc.o
 .debug_abbrev  0x0000000000001293      0x26e ./Drivers/STM32F4xx_HAL_Driver/Src/stm32f4xx_hal_spi.o
 .debug_abbrev  0x0000000000001501      0x207 ./HARDWARE/CAN/can.o
 .debug_abbrev  0x0000000000001708      0x239 ./HARDWARE/NRF24L01/24l01.o
 .debug_abbrev  0x0000000000001941      0x1d4 ./HARDWARE/SPI/spi.o

.debug_aranges  0x0000000000000000      0x8a0
 .debug_aranges
                0x0000000000000000       0x58 ./Core/Src/main.o
 .debug_aranges
                0x0000000000000058       0x40 ./Core/Src/stm32f4xx_hal_msp.o
 .debug_aranges
                0x0000000000000098       0x60 ./Core/Src/stm32f4xx_it.o
 .debug_aranges
                0x00000000000000f8       0x28 ./Core/Src/system_stm32f4xx.o
 .debug_aranges
                0x0000000000000120       0x28 ./Core/Startup/startup_stm32f407vetx.o
 .debug_aranges
                0x0000000000000148       0xf0 ./Drivers/STM32F4xx_HAL_Driver/Src/stm32f4xx_hal.o
 .debug_aranges
                0x0000000000000238      0x138 ./Drivers/STM32F4xx_HAL_Driver/Src/stm32f4xx_hal_can.o
 .debug_aranges
                0x0000000000000370      0x118 ./Drivers/STM32F4xx_HAL_Driver/Src/stm32f4xx_hal_cortex.o
 .debug_aranges
                0x0000000000000488       0x58 ./Drivers/STM32F4xx_HAL_Driver/Src/stm32f4xx_hal_gpio.o
 .debug_aranges
                0x00000000000004e0       0x88 ./Drivers/STM32F4xx_HAL_Driver/Src/stm32f4xx_hal_rcc.o
 .debug_aranges
                0x0000000000000568      0x1d0 ./Drivers/STM32F4xx_HAL_Driver/Src/stm32f4xx_hal_spi.o
 .debug_aranges
                0x0000000000000738       0x58 ./HARDWARE/CAN/can.o
 .debug_aranges
                0x0000000000000790       0xc8 ./HARDWARE/NRF24L01/24l01.o
 .debug_aranges
                0x0000000000000858       0x48 ./HARDWARE/SPI/spi.o

.debug_ranges   0x0000000000000000      0x7c8
 .debug_ranges  0x0000000000000000       0x48 ./Core/Src/main.o
 .debug_ranges  0x0000000000000048       0x30 ./Core/Src/stm32f4xx_hal_msp.o
 .debug_ranges  0x0000000000000078       0x50 ./Core/Src/stm32f4xx_it.o
 .debug_ranges  0x00000000000000c8       0x18 ./Core/Src/system_stm32f4xx.o
 .debug_ranges  0x00000000000000e0       0x20 ./Core/Startup/startup_stm32f407vetx.o
 .debug_ranges  0x0000000000000100       0xe0 ./Drivers/STM32F4xx_HAL_Driver/Src/stm32f4xx_hal.o
 .debug_ranges  0x00000000000001e0      0x128 ./Drivers/STM32F4xx_HAL_Driver/Src/stm32f4xx_hal_can.o
 .debug_ranges  0x0000000000000308      0x108 ./Drivers/STM32F4xx_HAL_Driver/Src/stm32f4xx_hal_cortex.o
 .debug_ranges  0x0000000000000410       0x48 ./Drivers/STM32F4xx_HAL_Driver/Src/stm32f4xx_hal_gpio.o
 .debug_ranges  0x0000000000000458       0x78 ./Drivers/STM32F4xx_HAL_Driver/Src/stm32f4xx_hal_rcc.o
 .debug_ranges  0x00000000000004d0      0x1c0 ./Drivers/STM32F4xx_HAL_Driver/Src/stm32f4xx_hal_spi.o
 .debug_ranges  0x0000000000000690       0x48 ./HARDWARE/CAN/can.o
 .debug_ranges  0x00000000000006d8       0xb8 ./HARDWARE/NRF24L01/24l01.o
 .debug_ranges  0x0000000000000790       0x38 ./HARDWARE/SPI/spi.o

.debug_macro    0x0000000000000000    0x202d6
 .debug_macro   0x0000000000000000      0x216 ./Core/Src/main.o
 .debug_macro   0x0000000000000216      0xaa8 ./Core/Src/main.o
 .debug_macro   0x0000000000000cbe      0x29b ./Core/Src/main.o
 .debug_macro   0x0000000000000f59       0x2e ./Core/Src/main.o
 .debug_macro   0x0000000000000f87       0x2f ./Core/Src/main.o
 .debug_macro   0x0000000000000fb6       0x22 ./Core/Src/main.o
 .debug_macro   0x0000000000000fd8       0x8e ./Core/Src/main.o
 .debug_macro   0x0000000000001066       0x51 ./Core/Src/main.o
 .debug_macro   0x00000000000010b7      0x103 ./Core/Src/main.o
 .debug_macro   0x00000000000011ba       0x6a ./Core/Src/main.o
 .debug_macro   0x0000000000001224      0x1df ./Core/Src/main.o
 .debug_macro   0x0000000000001403       0x1c ./Core/Src/main.o
 .debug_macro   0x000000000000141f       0x22 ./Core/Src/main.o
 .debug_macro   0x0000000000001441       0xdf ./Core/Src/main.o
 .debug_macro   0x0000000000001520     0x102d ./Core/Src/main.o
 .debug_macro   0x000000000000254d      0x11f ./Core/Src/main.o
 .debug_macro   0x000000000000266c    0x15e58 ./Core/Src/main.o
 .debug_macro   0x00000000000184c4       0x6d ./Core/Src/main.o
 .debug_macro   0x0000000000018531     0x3666 ./Core/Src/main.o
 .debug_macro   0x000000000001bb97      0x174 ./Core/Src/main.o
 .debug_macro   0x000000000001bd0b       0x5c ./Core/Src/main.o
 .debug_macro   0x000000000001bd67      0x96b ./Core/Src/main.o
 .debug_macro   0x000000000001c6d2      0x9fe ./Core/Src/main.o
 .debug_macro   0x000000000001d0d0      0x116 ./Core/Src/main.o
 .debug_macro   0x000000000001d1e6      0x13e ./Core/Src/main.o
 .debug_macro   0x000000000001d324       0xa5 ./Core/Src/main.o
 .debug_macro   0x000000000001d3c9      0x174 ./Core/Src/main.o
 .debug_macro   0x000000000001d53d      0x287 ./Core/Src/main.o
 .debug_macro   0x000000000001d7c4       0x5f ./Core/Src/main.o
 .debug_macro   0x000000000001d823      0x236 ./Core/Src/main.o
 .debug_macro   0x000000000001da59      0x40f ./Core/Src/main.o
 .debug_macro   0x000000000001de68      0x12c ./Core/Src/main.o
 .debug_macro   0x000000000001df94      0x21e ./Core/Src/main.o
 .debug_macro   0x000000000001e1b2       0x2e ./Core/Src/main.o
 .debug_macro   0x000000000001e1e0      0x11a ./Core/Src/main.o
 .debug_macro   0x000000000001e2fa       0x7e ./Core/Src/main.o
 .debug_macro   0x000000000001e378       0x89 ./Core/Src/main.o
 .debug_macro   0x000000000001e401      0x225 ./Core/Src/main.o
 .debug_macro   0x000000000001e626      0x12d ./Core/Src/main.o
 .debug_macro   0x000000000001e753       0x34 ./Core/Src/main.o
 .debug_macro   0x000000000001e787      0x12a ./Core/Src/main.o
 .debug_macro   0x000000000001e8b1       0x16 ./Core/Src/main.o
 .debug_macro   0x000000000001e8c7      0x118 ./Core/Src/main.o
 .debug_macro   0x000000000001e9df      0x1d3 ./Core/Src/stm32f4xx_hal_msp.o
 .debug_macro   0x000000000001ebb2      0x1dd ./Core/Src/stm32f4xx_it.o
 .debug_macro   0x000000000001ed8f      0x1c4 ./Core/Src/system_stm32f4xx.o
 .debug_macro   0x000000000001ef53      0x224 ./Drivers/STM32F4xx_HAL_Driver/Src/stm32f4xx_hal.o
 .debug_macro   0x000000000001f177      0x1cc ./Drivers/STM32F4xx_HAL_Driver/Src/stm32f4xx_hal_can.o
 .debug_macro   0x000000000001f343      0x1c4 ./Drivers/STM32F4xx_HAL_Driver/Src/stm32f4xx_hal_cortex.o
 .debug_macro   0x000000000001f507      0x1ca ./Drivers/STM32F4xx_HAL_Driver/Src/stm32f4xx_hal_gpio.o
 .debug_macro   0x000000000001f6d1      0x1e8 ./Drivers/STM32F4xx_HAL_Driver/Src/stm32f4xx_hal_rcc.o
 .debug_macro   0x000000000001f8b9      0x1d3 ./Drivers/STM32F4xx_HAL_Driver/Src/stm32f4xx_hal_spi.o
 .debug_macro   0x000000000001fa8c      0x1ef ./HARDWARE/CAN/can.o
 .debug_macro   0x000000000001fc7b      0x124 ./HARDWARE/CAN/can.o
 .debug_macro   0x000000000001fd9f       0x10 ./HARDWARE/CAN/can.o
 .debug_macro   0x000000000001fdaf       0x3a ./HARDWARE/CAN/can.o
 .debug_macro   0x000000000001fde9      0x1f5 ./HARDWARE/NRF24L01/24l01.o
 .debug_macro   0x000000000001ffde      0x112 ./HARDWARE/NRF24L01/24l01.o
 .debug_macro   0x00000000000200f0      0x1e6 ./HARDWARE/SPI/spi.o

.debug_line     0x0000000000000000     0x9edc
 .debug_line    0x0000000000000000      0xa89 ./Core/Src/main.o
 .debug_line    0x0000000000000a89      0x83f ./Core/Src/stm32f4xx_hal_msp.o
 .debug_line    0x00000000000012c8      0x7d5 ./Core/Src/stm32f4xx_it.o
 .debug_line    0x0000000000001a9d      0x794 ./Core/Src/system_stm32f4xx.o
 .debug_line    0x0000000000002231       0x88 ./Core/Startup/startup_stm32f407vetx.o
 .debug_line    0x00000000000022b9      0x9fa ./Drivers/STM32F4xx_HAL_Driver/Src/stm32f4xx_hal.o
 .debug_line    0x0000000000002cb3     0x1166 ./Drivers/STM32F4xx_HAL_Driver/Src/stm32f4xx_hal_can.o
 .debug_line    0x0000000000003e19      0xca9 ./Drivers/STM32F4xx_HAL_Driver/Src/stm32f4xx_hal_cortex.o
 .debug_line    0x0000000000004ac2      0xb70 ./Drivers/STM32F4xx_HAL_Driver/Src/stm32f4xx_hal_gpio.o
 .debug_line    0x0000000000005632      0xd74 ./Drivers/STM32F4xx_HAL_Driver/Src/stm32f4xx_hal_rcc.o
 .debug_line    0x00000000000063a6     0x1c82 ./Drivers/STM32F4xx_HAL_Driver/Src/stm32f4xx_hal_spi.o
 .debug_line    0x0000000000008028      0xa1d ./HARDWARE/CAN/can.o
 .debug_line    0x0000000000008a45      0xc58 ./HARDWARE/NRF24L01/24l01.o
 .debug_line    0x000000000000969d      0x83f ./HARDWARE/SPI/spi.o

.debug_str      0x0000000000000000    0xc1342
 .debug_str     0x0000000000000000    0xbf121 ./Core/Src/main.o
                                      0xbf442 (size before relaxing)
 .debug_str     0x00000000000bf121       0x93 ./Core/Src/stm32f4xx_hal_msp.o
                                      0xbe8cd (size before relaxing)
 .debug_str     0x00000000000bf1b4       0xbd ./Core/Src/stm32f4xx_it.o
                                      0xbe115 (size before relaxing)
 .debug_str     0x00000000000bf271       0xaf ./Core/Src/system_stm32f4xx.o
                                      0xbe151 (size before relaxing)
 .debug_str     0x00000000000bf320       0x36 ./Core/Startup/startup_stm32f407vetx.o
                                         0x58 (size before relaxing)
 .debug_str     0x00000000000bf356      0xa54 ./Drivers/STM32F4xx_HAL_Driver/Src/stm32f4xx_hal.o
                                      0xbec33 (size before relaxing)
 .debug_str     0x00000000000bfdaa      0x56d ./Drivers/STM32F4xx_HAL_Driver/Src/stm32f4xx_hal_can.o
                                      0xbe85d (size before relaxing)
 .debug_str     0x00000000000c0317      0x399 ./Drivers/STM32F4xx_HAL_Driver/Src/stm32f4xx_hal_cortex.o
                                      0xbea22 (size before relaxing)
 .debug_str     0x00000000000c06b0      0x15f ./Drivers/STM32F4xx_HAL_Driver/Src/stm32f4xx_hal_gpio.o
                                      0xbe2f8 (size before relaxing)
 .debug_str     0x00000000000c080f      0x259 ./Drivers/STM32F4xx_HAL_Driver/Src/stm32f4xx_hal_rcc.o
                                      0xbe553 (size before relaxing)
 .debug_str     0x00000000000c0a68      0x575 ./Drivers/STM32F4xx_HAL_Driver/Src/stm32f4xx_hal_spi.o
                                      0xbe9f5 (size before relaxing)
 .debug_str     0x00000000000c0fdd       0xfc ./HARDWARE/CAN/can.o
                                      0xbec0a (size before relaxing)
 .debug_str     0x00000000000c10d9      0x1f4 ./HARDWARE/NRF24L01/24l01.o
                                      0xbf18b (size before relaxing)
 .debug_str     0x00000000000c12cd       0x75 ./HARDWARE/SPI/spi.o
                                      0xbebd9 (size before relaxing)

.comment        0x0000000000000000       0x53
 .comment       0x0000000000000000       0x53 ./Core/Src/main.o
                                         0x54 (size before relaxing)
 .comment       0x0000000000000053       0x54 ./Core/Src/stm32f4xx_hal_msp.o
 .comment       0x0000000000000053       0x54 ./Core/Src/stm32f4xx_it.o
 .comment       0x0000000000000053       0x54 ./Core/Src/system_stm32f4xx.o
 .comment       0x0000000000000053       0x54 ./Drivers/STM32F4xx_HAL_Driver/Src/stm32f4xx_hal.o
 .comment       0x0000000000000053       0x54 ./Drivers/STM32F4xx_HAL_Driver/Src/stm32f4xx_hal_can.o
 .comment       0x0000000000000053       0x54 ./Drivers/STM32F4xx_HAL_Driver/Src/stm32f4xx_hal_cortex.o
 .comment       0x0000000000000053       0x54 ./Drivers/STM32F4xx_HAL_Driver/Src/stm32f4xx_hal_gpio.o
 .comment       0x0000000000000053       0x54 ./Drivers/STM32F4xx_HAL_Driver/Src/stm32f4xx_hal_rcc.o
 .comment       0x0000000000000053       0x54 ./Drivers/STM32F4xx_HAL_Driver/Src/stm32f4xx_hal_spi.o
 .comment       0x0000000000000053       0x54 ./HARDWARE/CAN/can.o
 .comment       0x0000000000000053       0x54 ./HARDWARE/NRF24L01/24l01.o
 .comment       0x0000000000000053       0x54 ./HARDWARE/SPI/spi.o

.debug_frame    0x0000000000000000     0x21f0
 .debug_frame   0x0000000000000000      0x100 ./Core/Src/main.o
 .debug_frame   0x0000000000000100       0xc8 ./Core/Src/stm32f4xx_hal_msp.o
 .debug_frame   0x00000000000001c8      0x104 ./Core/Src/stm32f4xx_it.o
 .debug_frame   0x00000000000002cc       0x58 ./Core/Src/system_stm32f4xx.o
 .debug_frame   0x0000000000000324      0x374 ./Drivers/STM32F4xx_HAL_Driver/Src/stm32f4xx_hal.o
 .debug_frame   0x0000000000000698      0x5a0 ./Drivers/STM32F4xx_HAL_Driver/Src/stm32f4xx_hal_can.o
 .debug_frame   0x0000000000000c38      0x498 ./Drivers/STM32F4xx_HAL_Driver/Src/stm32f4xx_hal_cortex.o
 .debug_frame   0x00000000000010d0      0x14c ./Drivers/STM32F4xx_HAL_Driver/Src/stm32f4xx_hal_gpio.o
 .debug_frame   0x000000000000121c      0x1ec ./Drivers/STM32F4xx_HAL_Driver/Src/stm32f4xx_hal_rcc.o
 .debug_frame   0x0000000000001408      0x824 ./Drivers/STM32F4xx_HAL_Driver/Src/stm32f4xx_hal_spi.o
 .debug_frame   0x0000000000001c2c      0x138 ./HARDWARE/CAN/can.o
 .debug_frame   0x0000000000001d64      0x300 ./HARDWARE/NRF24L01/24l01.o
 .debug_frame   0x0000000000002064       0xe0 ./HARDWARE/SPI/spi.o
 .debug_frame   0x0000000000002144       0x2c d:/program_files/st/stm32cubeide_1.7.0/stm32cubeide/plugins/com.st.stm32cube.ide.mcu.externaltools.gnu-tools-for-stm32.9-2020-q2-update.win32_2.0.0.202105311346/tools/bin/../lib/gcc/arm-none-eabi/9.3.1/../../../../arm-none-eabi/lib/thumb/v7e-m+fp/hard\libc_nano.a(lib_a-init.o)
 .debug_frame   0x0000000000002170       0x20 d:/program_files/st/stm32cubeide_1.7.0/stm32cubeide/plugins/com.st.stm32cube.ide.mcu.externaltools.gnu-tools-for-stm32.9-2020-q2-update.win32_2.0.0.202105311346/tools/bin/../lib/gcc/arm-none-eabi/9.3.1/../../../../arm-none-eabi/lib/thumb/v7e-m+fp/hard\libc_nano.a(lib_a-memset.o)
 .debug_frame   0x0000000000002190       0x2c d:/program_files/st/stm32cubeide_1.7.0/stm32cubeide/plugins/com.st.stm32cube.ide.mcu.externaltools.gnu-tools-for-stm32.9-2020-q2-update.win32_2.0.0.202105311346/tools/bin/../lib/gcc/arm-none-eabi/9.3.1/thumb/v7e-m+fp/hard\libgcc.a(_aeabi_uldivmod.o)
 .debug_frame   0x00000000000021bc       0x34 d:/program_files/st/stm32cubeide_1.7.0/stm32cubeide/plugins/com.st.stm32cube.ide.mcu.externaltools.gnu-tools-for-stm32.9-2020-q2-update.win32_2.0.0.202105311346/tools/bin/../lib/gcc/arm-none-eabi/9.3.1/thumb/v7e-m+fp/hard\libgcc.a(_udivmoddi4.o)
